// Jest Snapshot v1, https://goo.gl/fbAQLP

exports[`Edit should render edit 1`] = `
<div
  class="v-application v-application--is-ltr theme--light"
  data-app="true"
  id="app"
>
  <div
    class="v-application--wrap"
  >
    <main
      app="true"
      class="v-content"
      classname="mb-5"
      style="padding: 0px 0px 0px 0px;"
    >
      <div
        class="v-content__wrap"
      >
        <div
          class="v-card v-sheet theme--light"
        >
          <form>
            <div
              class="v-card__title"
            >
              <span
                class="headline"
              >
                New Item
              </span>
            </div>
             
            <div
              class="v-card__text"
            >
              <div
                class="container grid-list-md"
              >
                <!---->
              </div>
            </div>
             
            <div
              class="v-card__actions"
            >
              <div
                class="spacer"
              />
               
              <button
                class="v-btn v-btn--flat v-btn--text theme--light v-size--default blue--text text--darken-1"
                type="button"
              >
                <span
                  class="v-btn__content"
                >
                  
                Cancel
            
                </span>
              </button>
               
              <button
                class="v-btn v-btn--flat v-btn--text theme--light v-size--default blue--text text--darken-1"
                type="submit"
              >
                <span
                  class="v-btn__content"
                >
                  
                Save
            
                </span>
              </button>
            </div>
          </form>
        </div>
        <div
          id="test-contents"
        >
          contents
        </div>
      </div>
    </main>
  </div>
</div>
`;
