// Jest Snapshot v1, https://goo.gl/fbAQLP

exports[`Footer should render footer 1`] = `
<div
  class="v-application v-application--is-ltr theme--light"
  data-app="true"
  id="app"
>
  <div
    class="v-application--wrap"
  >
    <main
      app="true"
      class="v-content"
      classname="mb-5"
      style="padding: 0px 0px 0px 0px;"
    >
      <div
        class="v-content__wrap"
      >
        <div
          id="test-contents"
        >
          contents
        </div>
      </div>
    </main>
    <footer
      class="v-footer v-sheet v-sheet--tile theme--dark v-footer--absolute v-footer--padless primary"
      style="left: 0px; right: 0px; bottom: 0px;"
    >
      <div
        class="layout justify-center wrap"
      >
        <a
          class="mx-4 white--text v-btn v-btn--flat v-btn--icon v-btn--round theme--dark v-size--default"
          href="https://github.com"
          target="_blank"
        >
          <span
            class="v-btn__content"
          >
            <i
              aria-hidden="true"
              class="v-icon notranslate mdi mdi-github-circle theme--dark"
              style="font-size: 24px;"
            />
          </span>
        </a>
        <a
          class="mx-4 white--text v-btn v-btn--flat v-btn--icon v-btn--round theme--dark v-size--default"
          href="https://twitter.com"
          target="_blank"
        >
          <span
            class="v-btn__content"
          >
            <i
              aria-hidden="true"
              class="v-icon notranslate mdi mdi-twitter-circle theme--dark"
              style="font-size: 24px;"
            />
          </span>
        </a>
         
        <div
          class="flex secondary lighten-2 py-4 text-center white--text xs12"
        >
          
            2019 â€” 
          <strong>
            Reservation System
          </strong>
        </div>
      </div>
    </footer>
  </div>
</div>
`;
