// Jest Snapshot v1, https://goo.gl/fbAQLP

exports[`Sales should render sales 1`] = `
<div
  class="v-application v-application--is-ltr theme--light"
  data-app="true"
  id="app"
>
  <div
    class="v-application--wrap"
  >
    <main
      app="true"
      class="v-content"
      classname="mb-5"
      style="padding: 0px 0px 0px 0px;"
    >
      <div
        class="v-content__wrap"
      >
        <div
          class="pa-6 ma-4 v-card v-card--raised v-sheet theme--light"
        >
          <div
            class="v-card__title"
          >
            
        test
    
          </div>
           
          <div
            class="v-card__text"
          >
            <!---->
             
            <div
              class="v-overlay text-center v-overlay--absolute v-overlay--active theme--dark"
              style="z-index: 5;"
            >
              <div
                class="v-overlay__scrim"
                style="opacity: 0.46; background-color: rgb(33, 33, 33); border-color: #212121;"
              />
              <div
                class="v-overlay__content"
              >
                <div
                  aria-valuemax="100"
                  aria-valuemin="0"
                  class="v-progress-circular v-progress-circular--indeterminate"
                  role="progressbar"
                  style="height: 32px; width: 32px;"
                >
                  <svg
                    style="transform: rotate(0deg);"
                    viewBox="22.857142857142858 22.857142857142858 45.714285714285715 45.714285714285715"
                    xmlns="http://www.w3.org/2000/svg"
                  >
                    <circle
                      class="v-progress-circular__overlay"
                      cx="45.714285714285715"
                      cy="45.714285714285715"
                      fill="transparent"
                      r="20"
                      stroke-dasharray="125.664"
                      stroke-dashoffset="125.66370614359172px"
                      stroke-width="5.714285714285714"
                    />
                  </svg>
                  <div
                    class="v-progress-circular__info"
                  />
                </div>
              </div>
            </div>
          </div>
        </div>
        <div
          id="test-contents"
        >
          contents
        </div>
      </div>
    </main>
  </div>
</div>
`;
